
Clover EFI installer log - Tue Oct 22 16:59:12 +07 2019
Installer version: v2.5k r5070 EFI bootloader
======================================================
/dev/disk0 (internal, physical):
   #:                       TYPE NAME                    SIZE       IDENTIFIER
   0:      GUID_partition_scheme                        *120.0 GB   disk0
   1:           Windows Recovery                         523.2 MB   disk0s1
   2:                        EFI NO NAME                 104.9 MB   disk0s2
   3:         Microsoft Reserved                         16.8 MB    disk0s3
   4:       Microsoft Basic Data                         119.4 GB   disk0s4

/dev/disk1 (internal, physical):
   #:                       TYPE NAME                    SIZE       IDENTIFIER
   0:      GUID_partition_scheme                        *128.0 GB   disk1
   1:       Microsoft Basic Data DU LIEU                 74.3 GB    disk1s1
   2:                        EFI EFI                     314.6 MB   disk1s2
   3:                 Apple_APFS Container disk2         53.2 GB    disk1s3

/dev/disk2 (synthesized):
   #:                       TYPE NAME                    SIZE       IDENTIFIER
   0:      APFS Container Scheme -                      +53.2 GB    disk2
                                 Physical Store disk1s3
   1:                APFS Volume Macintosh HD            13.3 GB    disk2s1
   2:                APFS Volume Preboot                 41.4 MB    disk2s2
   3:                APFS Volume Recovery                514.5 MB   disk2s3

/dev/disk3 (external, physical):
   #:                       TYPE NAME                    SIZE       IDENTIFIER
   0:      GUID_partition_scheme                        *1.0 TB     disk3
   1:                  Apple_HFS mac-app                 710.8 GB   disk3s1
   2:                 Apple_APFS Container disk4         75.6 GB    disk3s2
   3:                  Apple_HFS 10.12.6-16G1212         32.2 GB    disk3s3
   4:                  Apple_HFS 10.13.6                 32.2 GB    disk3s4
   5:                  Apple_HFS 10.14.3-18D42           32.2 GB    disk3s5
   6:                  Apple_HFS 10.14.6                 32.2 GB    disk3s6
   7:                        EFI EFI-SSD                 2.1 GB     disk3s7
   8:                  Apple_HFS 10.9.5-13F34            32.2 GB    disk3s8
   9:                  Apple_HFS Install macOS Mojave    8.6 GB     disk3s9
  10:                  Apple_HFS Install macOS Catalina  8.6 GB     disk3s10

/dev/disk4 (synthesized):
   #:                       TYPE NAME                    SIZE       IDENTIFIER
   0:      APFS Container Scheme -                      +75.6 GB    disk4
                                 Physical Store disk3s2
   1:                APFS Volume Macintosh HD            10.7 GB    disk4s1
   2:                APFS Volume Macintosh HD - Data     4.0 GB     disk4s2
   3:                APFS Volume Preboot                 101.7 MB   disk4s3
   4:                APFS Volume Recovery                543.5 MB   disk4s4
   5:                APFS Volume VM                      6.4 GB     disk4s5

Target volume /Volumes/Macintosh HD on disk2 is APFS on physical store disk1s3
======================================================
Backing up EFI files

Backing up /Volumes/Macintosh HD/EFIROOTDIR/EFI folder to /Volumes/Macintosh HD/EFI-Backups/r5070/2019-10-22-16h59/EFI
======================================================
Installing BootSectors/BootLoader

Stage 0 - Don't write any of boot0af, boot0md, boot0ss to /Volumes/Macintosh HD
Stage 1 - Don't write any of boot1h2, boot1f32alt, boot1xalt to /Volumes/Macintosh HD

======================================================
=========== Clover EFI Installation Finish ===========
======================================================
